##### BUILDMAP 1.0 #####
# SchemaVersion = 1.0 #
# ToolVersion = 1.0.0.0 #
##########
+ BuildVersion =  +
+ RelativeRoot = C:/repo/windows/lndf/DotNetCoreBuildTools +
:0>Group<0:1>Item<1:2>Types<2:3>Language<3:4>Name<4:5>Status<5:6>Solutions<6:7>Id<7:8>RelativePath<8:9>AbsolutePath<9:10>RealPath<10:11>DependentOn<11:
|0>0<0|1>0<1|2><2|3>CSharp<3|4>dotnetmap<4|5>Valid<5|6>dotnetmap.sln<6|7>487996a9-bee8-8ad1-b330-b5c058786318<7|8>source\dotnetmap\dotnetmap.csproj<8|9>C:/repo/windows/lndf/DotNetCoreBuildTools/source/dotnetmap/dotnetmap.csproj<9|10>C:/repo/windows/lndf/DotNetCoreBuildTools/source/dotnetmap/dotnetmap.csproj<10|11>ee148917-192d-eb16-ed1b-d81be91dee86<11|
|0>0<0|1>0<1|2><2|3>CSharp<3|4>Landorphan.Abstractions.FileSystem.Paths<4|5>Valid<5|6>dotnetmap.sln<6|7>c2bd283e-6116-a74f-1667-356d5ffe71a9<7|8>source\Landorphan.Abstractions.FileSystem.Paths\Landorphan.Abstractions.FileSystem.Paths.csproj<8|9>C:/repo/windows/lndf/DotNetCoreBuildTools/source/Landorphan.Abstractions.FileSystem.Paths/Landorphan.Abstractions.FileSystem.Paths.csproj<9|10>C:/repo/windows/lndf/DotNetCoreBuildTools/source/Landorphan.Abstractions.FileSystem.Paths/Landorphan.Abstractions.FileSystem.Paths.csproj<10|11><11|
|0>0<0|1>0<1|2><2|3>CSharp<3|4>Landorphan.BuildMap<4|5>Valid<5|6>dotnetmap.sln<6|7>ee148917-192d-eb16-ed1b-d81be91dee86<7|8>source\Landorphan.BuildMap\Landorphan.BuildMap.csproj<8|9>C:/repo/windows/lndf/DotNetCoreBuildTools/source/Landorphan.BuildMap/Landorphan.BuildMap.csproj<9|10>C:/repo/windows/lndf/DotNetCoreBuildTools/source/Landorphan.BuildMap/Landorphan.BuildMap.csproj<10|11><11|
|0>0<0|1>0<1|2><2|3>CSharp<3|4>Landorphan.Abstractions.FileSystem.Paths.UnitTests<4|5>Valid<5|6>dotnetmap.sln<6|7>4c545a19-2fba-4a9f-c5ed-03405f7fadd3<7|8>test\Landorphan.Abstractions.FileSystem.Paths.UnitTests\Landorphan.Abstractions.FileSystem.Paths.UnitTests.csproj<8|9>C:/repo/windows/lndf/DotNetCoreBuildTools/test/Landorphan.Abstractions.FileSystem.Paths.UnitTests/Landorphan.Abstractions.FileSystem.Paths.UnitTests.csproj<9|10>C:/repo/windows/lndf/DotNetCoreBuildTools/test/Landorphan.Abstractions.FileSystem.Paths.UnitTests/Landorphan.Abstractions.FileSystem.Paths.UnitTests.csproj<10|11>c2bd283e-6116-a74f-1667-356d5ffe71a9<11|
|0>0<0|1>0<1|2><2|3>CSharp<3|4>Landorphan.BuildMap.UnitTests<4|5>Valid<5|6>dotnetmap.sln<6|7>ccaafed8-6aa1-4c10-8a3a-d44de12964bd<7|8>test\Landorphan.BuildMap.UnitTests\Landorphan.BuildMap.UnitTests.csproj<8|9>C:/repo/windows/lndf/DotNetCoreBuildTools/test/Landorphan.BuildMap.UnitTests/Landorphan.BuildMap.UnitTests.csproj<9|10>C:/repo/windows/lndf/DotNetCoreBuildTools/test/Landorphan.BuildMap.UnitTests/Landorphan.BuildMap.UnitTests.csproj<10|11>487996a9-bee8-8ad1-b330-b5c058786318;ee148917-192d-eb16-ed1b-d81be91dee86<11|